// Jest Snapshot v1, https://goo.gl/fbAQLP

exports[`Partial should only update their own cache is invalid 1`] = `"43"`;

exports[`Partial should only update their own cache is invalid 2`] = `"21"`;

exports[`Partial should update their own cache is invalid 1`] = `"43"`;

exports[`Partial should update their own cache is invalid 2`] = `"21"`;
