// Jest Snapshot v1, https://goo.gl/fbAQLP

exports[`should report invalid storage 1`] = `"Invalid storage given"`;
